// Jest Snapshot v1, https://goo.gl/fbAQLP

exports[`serializeBatchKey serializes Op correctly 1`] = `"{\\"attributes\\":[\\"firstName\\",\\"lastName\\"],\\"include\\":[{\\"as\\":\\"comments\\",\\"model\\":\\"__model:comments\\",\\"where\\":{\\"__op:Symbol(or)\\":[{\\"id\\":{\\"__op:Symbol(gt)\\":5}},{\\"id\\":{\\"__op:Symbol(ne)\\":100}}]}}],\\"where\\":[\\"firstName\\",\\"lastName\\"]}"`;

exports[`serializeBatchKey serializes fn correctly 1`] = `"{\\"attributes\\":[\\"firstName\\",\\"lastName\\",[{\\"args\\":[{\\"col\\":\\"column\\"}],\\"fn\\":\\"COUNT\\"},\\"column_alias\\"]],\\"where\\":[\\"firstName\\",\\"lastName\\"]}"`;

exports[`serializeBatchKey serializes model references correctly 1`] = `"{\\"attributes\\":[\\"firstName\\",\\"lastName\\"],\\"include\\":[{\\"as\\":\\"comments\\",\\"model\\":\\"__model:comments\\"}],\\"where\\":[\\"firstName\\",\\"lastName\\"]}"`;

exports[`serializeBatchKey serializes primitive values correctly 1`] = `"{\\"attributes\\":[\\"firstName\\",\\"lastName\\"],\\"where\\":[\\"firstName\\",\\"lastName\\"]}"`;

exports[`serializeBatchKey throws error for non-serializable values 1`] = `"Found non-serializable function from findUnique options"`;
